CCS PCH C Compiler, Version 5.007, 61971               05-Mar-24 15:20

               Filename:   C:\z_ÖZEL\Ders\PIC C denemeler\düðme\dügme.lst

               ROM used:   44 bytes (0%)
                           Largest free fragment is 32724
               RAM used:   5 (0%) at main() level
                           5 (0%) worst case
               Stack used: 0 locations
               Stack size: 31

*
0000:  GOTO   0004
.................... #include <18f452.h> // Mikrodenetleyici tanýmlama dosyasýný ekliyoruz 
.................... //////// Standard Header file for the PIC18F452 device //////////////// 
.................... #device PIC18F452 
....................  
.................... #list 
....................  
.................... #use delay(crystal=20000000) // Kristal osilatör frekansýný giriyoruz 
....................  
.................... void main(){  
0004:  CLRF   FF8
0006:  BCF    FD0.7
0008:  BSF    FC1.0
000A:  BSF    FC1.1
000C:  BSF    FC1.2
000E:  BCF    FC1.3
....................    set_tris_a(0x11111111); 
0010:  MOVLW  11
0012:  MOVWF  F92
....................    set_tris_b(0b00000000); 
0014:  MOVLW  00
0016:  MOVWF  F93
....................  while(TRUE){ 
....................   if(INPUT(pin_A0) == TRUE){ // eðer a0 pini +5V ise 
0018:  BSF    F92.0
001A:  BTFSS  F80.0
001C:  BRA    0024
....................    output_high(pin_B0); // b0 pinini +5V yap 
001E:  BCF    F93.0
0020:  BSF    F8A.0
....................   }else{ 
0022:  BRA    0028
....................    output_low(pin_B0);// b0 pinini 0V yap 
0024:  BCF    F93.0
0026:  BCF    F8A.0
....................   } 
0028:  BRA    0018
....................  } 
.................... } 
002A:  SLEEP 

Configuration Fuses:
   Word  1: 2200   HS NOOSCSEN
   Word  2: 0E0E   PUT BROWNOUT BORV20 NOWDT WDT128
   Word  3: 0100   CCP2C1
   Word  4: 0081   STVREN NOLVP NODEBUG
   Word  5: C00F   NOPROTECT NOCPB NOCPD
   Word  6: E00F   NOWRT NOWRTC NOWRTB NOWRTD
   Word  7: 400F   NOEBTR NOEBTRB
